\BOOKMARK [0][-]{chapter.1}{\376\377\000I\000n\000t\000r\000o\000d\000u\000c\000t\000i\000o\000n}{}% 1
\BOOKMARK [1][-]{section.1.1}{\376\377\000O\000v\000e\000r\000v\000i\000e\000w}{chapter.1}% 2
\BOOKMARK [1][-]{section.1.2}{\376\377\000N\000e\000e\000d\000\040\000a\000n\000d\000\040\000R\000e\000l\000e\000v\000a\000n\000c\000e}{chapter.1}% 3
\BOOKMARK [1][-]{section.1.3}{\376\377\000M\000o\000t\000i\000v\000a\000t\000i\000o\000n}{chapter.1}% 4
\BOOKMARK [1][-]{section.1.4}{\376\377\000P\000r\000o\000b\000l\000e\000m\000\040\000S\000t\000a\000t\000e\000m\000e\000n\000t}{chapter.1}% 5
\BOOKMARK [1][-]{section.1.5}{\376\377\000A\000i\000m\000\040\000a\000n\000d\000\040\000O\000b\000j\000e\000c\000t\000i\000v\000e\000s}{chapter.1}% 6
\BOOKMARK [1][-]{section.1.6}{\376\377\000P\000r\000o\000j\000e\000c\000t\000\040\000S\000c\000o\000p\000e\000\040\000a\000n\000d\000\040\000L\000i\000m\000i\000t\000a\000t\000i\000o\000n\000s}{chapter.1}% 7
\BOOKMARK [1][-]{section.1.7}{\376\377\000O\000r\000g\000a\000n\000i\000s\000a\000t\000i\000o\000n\000\040\000o\000f\000\040\000t\000h\000e\000\040\000R\000e\000p\000o\000r\000t}{chapter.1}% 8
\BOOKMARK [0][-]{chapter.2}{\376\377\000L\000i\000t\000e\000r\000a\000t\000u\000r\000e\000\040\000S\000u\000r\000v\000e\000y}{}% 9
\BOOKMARK [1][-]{section.2.1}{\376\377\000O\000v\000e\000r\000v\000i\000e\000w\000\040\000o\000f\000\040\000E\000x\000i\000s\000t\000i\000n\000g\000\040\000R\000e\000s\000e\000a\000r\000c\000h}{chapter.2}% 10
\BOOKMARK [1][-]{section.2.2}{\376\377\000L\000i\000t\000e\000r\000a\000t\000u\000r\000e\000\040\000S\000u\000r\000v\000e\000y}{chapter.2}% 11
\BOOKMARK [1][-]{section.2.3}{\376\377\000R\000e\000s\000e\000a\000r\000c\000h\000\040\000G\000a\000p\000\040\000A\000n\000a\000l\000y\000s\000i\000s}{chapter.2}% 12
\BOOKMARK [0][-]{chapter.3}{\376\377\000S\000o\000f\000t\000w\000a\000r\000e\000\040\000R\000e\000q\000u\000i\000r\000e\000m\000e\000n\000t\000\040\000S\000p\000e\000c\000i\000f\000i\000c\000a\000t\000i\000o\000n}{}% 13
\BOOKMARK [1][-]{section.3.1}{\376\377\000I\000n\000t\000r\000o\000d\000u\000c\000t\000i\000o\000n}{chapter.3}% 14
\BOOKMARK [2][-]{subsection.3.1.1}{\376\377\000P\000u\000r\000p\000o\000s\000e\000\040\000a\000n\000d\000\040\000S\000c\000o\000p\000e\000\040\000o\000f\000\040\000D\000o\000c\000u\000m\000e\000n\000t}{section.3.1}% 15
\BOOKMARK [2][-]{subsection.3.1.2}{\376\377\000C\000h\000a\000r\000a\000c\000t\000e\000r\000i\000s\000t\000i\000c\000s\000\040\000o\000f\000\040\000a\000\040\000S\000o\000f\000t\000w\000a\000r\000e\000\040\000R\000e\000q\000u\000i\000r\000e\000m\000e\000n\000t\000\040\000S\000p\000e\000c\000i\000f\000i\000c\000a\000t\000i\000o\000n}{section.3.1}% 16
\BOOKMARK [2][-]{subsection.3.1.3}{\376\377\000O\000v\000e\000r\000v\000i\000e\000w\000\040\000o\000f\000\040\000R\000e\000s\000p\000o\000n\000s\000i\000b\000i\000l\000i\000t\000i\000e\000s\000\040\000o\000f\000\040\000D\000e\000v\000e\000l\000o\000p\000e\000r}{section.3.1}% 17
\BOOKMARK [1][-]{section.3.2}{\376\377\000U\000s\000a\000g\000e\000\040\000S\000c\000e\000n\000a\000r\000i\000o}{chapter.3}% 18
\BOOKMARK [2][-]{subsection.3.2.1}{\376\377\000U\000s\000e\000r\000\040\000P\000r\000o\000f\000i\000l\000e\000s}{section.3.2}% 19
\BOOKMARK [2][-]{subsection.3.2.2}{\376\377\000U\000s\000e\000\040\000C\000a\000s\000e\000s}{section.3.2}% 20
\BOOKMARK [2][-]{subsection.3.2.3}{\376\377\000U\000s\000e\000\040\000C\000a\000s\000e\000\040\000V\000i\000e\000w}{section.3.2}% 21
\BOOKMARK [1][-]{section.3.3}{\376\377\000D\000a\000t\000a\000\040\000M\000o\000d\000e\000l\000\040\000a\000n\000d\000\040\000D\000e\000s\000c\000r\000i\000p\000t\000i\000o\000n}{chapter.3}% 22
\BOOKMARK [2][-]{subsection.3.3.1}{\376\377\000D\000a\000t\000a\000\040\000D\000e\000s\000c\000r\000i\000p\000t\000i\000o\000n}{section.3.3}% 23
\BOOKMARK [2][-]{subsection.3.3.2}{\376\377\000D\000a\000t\000a\000\040\000O\000b\000j\000e\000c\000t\000s\000\040\000a\000n\000d\000\040\000R\000e\000l\000a\000t\000i\000o\000n\000s\000h\000i\000p\000s}{section.3.3}% 24
\BOOKMARK [1][-]{section.3.4}{\376\377\000F\000u\000n\000c\000t\000i\000o\000n\000a\000l\000\040\000M\000o\000d\000e\000l\000\040\000a\000n\000d\000\040\000D\000e\000s\000c\000r\000i\000p\000t\000i\000o\000n}{chapter.3}% 25
\BOOKMARK [2][-]{subsection.3.4.1}{\376\377\000D\000a\000t\000a\000\040\000F\000l\000o\000w\000\040\000D\000i\000a\000g\000r\000a\000m}{section.3.4}% 26
\BOOKMARK [2][-]{subsection.3.4.2}{\376\377\000D\000e\000s\000c\000r\000i\000p\000t\000i\000o\000n\000\040\000o\000f\000\040\000F\000u\000n\000c\000t\000i\000o\000n\000s}{section.3.4}% 27
\BOOKMARK [2][-]{subsection.3.4.3}{\376\377\000A\000c\000t\000i\000v\000i\000t\000y\000\040\000D\000i\000a\000g\000r\000a\000m}{section.3.4}% 28
\BOOKMARK [2][-]{subsection.3.4.4}{\376\377\000N\000o\000n\000\040\000F\000u\000n\000c\000t\000i\000o\000n\000a\000l\000\040\000R\000e\000q\000u\000i\000r\000e\000m\000e\000n\000t\000s}{section.3.4}% 29
\BOOKMARK [2][-]{subsection.3.4.5}{\376\377\000S\000t\000a\000t\000e\000\040\000D\000i\000a\000g\000r\000a\000m}{section.3.4}% 30
\BOOKMARK [2][-]{subsection.3.4.6}{\376\377\000D\000e\000s\000i\000g\000n\000\040\000C\000o\000n\000s\000t\000r\000a\000i\000n\000t\000s}{section.3.4}% 31
\BOOKMARK [2][-]{subsection.3.4.7}{\376\377\000S\000o\000f\000t\000w\000a\000r\000e\000\040\000I\000n\000t\000e\000r\000f\000a\000c\000e\000\040\000D\000e\000s\000c\000r\000i\000p\000t\000i\000o\000n}{section.3.4}% 32
\BOOKMARK [0][-]{chapter.4}{\376\377\000P\000r\000o\000j\000e\000c\000t\000\040\000P\000l\000a\000n}{}% 33
\BOOKMARK [1][-]{section.4.1}{\376\377\000P\000r\000o\000j\000e\000c\000t\000\040\000E\000s\000t\000i\000m\000a\000t\000e\000s}{chapter.4}% 34
\BOOKMARK [2][-]{subsection.4.1.1}{\376\377\000R\000e\000c\000o\000n\000c\000i\000l\000e\000d\000\040\000E\000s\000t\000i\000m\000a\000t\000e\000s}{section.4.1}% 35
\BOOKMARK [2][-]{subsection.4.1.2}{\376\377\000P\000r\000o\000j\000e\000c\000t\000\040\000R\000e\000s\000o\000u\000r\000c\000e\000s}{section.4.1}% 36
\BOOKMARK [1][-]{section.4.2}{\376\377\000R\000i\000s\000k\000\040\000M\000a\000n\000a\000g\000e\000m\000e\000n\000t\000\040\000w\000.\000r\000.\000t\000.\000\040\000N\000P\000\040\000H\000a\000r\000d\000\040\000A\000n\000a\000l\000y\000s\000i\000s}{chapter.4}% 37
\BOOKMARK [2][-]{subsection.4.2.1}{\376\377\000R\000i\000s\000k\000\040\000I\000d\000e\000n\000t\000i\000f\000i\000c\000a\000t\000i\000o\000n}{section.4.2}% 38
\BOOKMARK [2][-]{subsection.4.2.2}{\376\377\000R\000i\000s\000k\000\040\000A\000n\000a\000l\000y\000s\000i\000s}{section.4.2}% 39
\BOOKMARK [2][-]{subsection.4.2.3}{\376\377\000O\000v\000e\000r\000v\000i\000e\000w\000\040\000o\000f\000\040\000R\000i\000s\000k\000\040\000M\000i\000t\000i\000g\000a\000t\000i\000o\000n\000,\000\040\000M\000o\000n\000i\000t\000o\000r\000i\000n\000g\000,\000\040\000M\000a\000n\000a\000g\000e\000m\000e\000n\000t}{section.4.2}% 40
\BOOKMARK [1][-]{section.4.3}{\376\377\000P\000r\000o\000j\000e\000c\000t\000\040\000S\000c\000h\000e\000d\000u\000l\000e}{chapter.4}% 41
\BOOKMARK [2][-]{subsection.4.3.1}{\376\377\000P\000r\000o\000j\000e\000c\000t\000\040\000T\000a\000s\000k\000\040\000S\000e\000t}{section.4.3}% 42
\BOOKMARK [2][-]{subsection.4.3.2}{\376\377\000T\000a\000s\000k\000\040\000N\000e\000t\000w\000o\000r\000k}{section.4.3}% 43
\BOOKMARK [2][-]{subsection.4.3.3}{\376\377\000T\000i\000m\000e\000l\000i\000n\000e\000\040\000C\000h\000a\000r\000t}{section.4.3}% 44
\BOOKMARK [1][-]{section.4.4}{\376\377\000T\000e\000a\000m\000\040\000O\000r\000g\000a\000n\000i\000z\000a\000t\000i\000o\000n}{chapter.4}% 45
\BOOKMARK [2][-]{subsection.4.4.1}{\376\377\000T\000e\000a\000m\000\040\000S\000t\000r\000u\000c\000t\000u\000r\000e}{section.4.4}% 46
\BOOKMARK [2][-]{subsection.4.4.2}{\376\377\000M\000a\000n\000a\000g\000e\000m\000e\000n\000t\000\040\000R\000e\000p\000o\000r\000t\000i\000n\000g\000\040\000a\000n\000d\000\040\000C\000o\000m\000m\000u\000n\000i\000c\000a\000t\000i\000o\000n}{section.4.4}% 47
\BOOKMARK [0][-]{chapter.5}{\376\377\000S\000y\000s\000t\000e\000m\000\040\000D\000e\000s\000i\000g\000n}{}% 48
\BOOKMARK [1][-]{section.5.1}{\376\377\000I\000n\000t\000r\000o\000d\000u\000c\000t\000i\000o\000n}{chapter.5}% 49
\BOOKMARK [1][-]{section.5.2}{\376\377\000S\000y\000s\000t\000e\000m\000\040\000A\000r\000c\000h\000i\000t\000e\000c\000t\000u\000r\000e\000\040\000D\000e\000s\000i\000g\000n}{chapter.5}% 50
\BOOKMARK [1][-]{section.5.3}{\376\377\000M\000a\000t\000h\000e\000m\000a\000t\000i\000c\000a\000l\000\040\000M\000o\000d\000e\000l\000\040\000f\000o\000r\000\040\000t\000h\000e\000\040\000P\000r\000o\000p\000o\000s\000e\000d\000\040\000S\000y\000s\000t\000e\000m}{chapter.5}% 51
\BOOKMARK [1][-]{section.5.4}{\376\377\000D\000a\000t\000a\000\040\000D\000e\000s\000i\000g\000n}{chapter.5}% 52
\BOOKMARK [2][-]{subsection.5.4.1}{\376\377\000D\000a\000t\000a\000b\000a\000s\000e\000\040\000D\000e\000s\000c\000r\000i\000p\000t\000i\000o\000n}{section.5.4}% 53
\BOOKMARK [2][-]{subsection.5.4.2}{\376\377\000C\000o\000m\000p\000o\000n\000e\000n\000t\000\040\000D\000e\000s\000i\000g\000n}{section.5.4}% 54
\BOOKMARK [1][-]{section.5.5}{\376\377\000R\000e\000s\000u\000l\000t\000s\000\040\000a\000n\000d\000\040\000D\000i\000s\000c\000u\000s\000s\000i\000o\000n}{chapter.5}% 55
\BOOKMARK [0][-]{chapter.6}{\376\377\000O\000t\000h\000e\000r\000\040\000S\000p\000e\000c\000i\000f\000i\000c\000a\000t\000i\000o\000n\000s}{}% 56
\BOOKMARK [1][-]{section.6.1}{\376\377\000A\000d\000v\000a\000n\000t\000a\000g\000e\000s\000\040\000o\000f\000\040\000t\000h\000e\000\040\000S\000y\000s\000t\000e\000m}{chapter.6}% 57
\BOOKMARK [1][-]{section.6.2}{\376\377\000L\000i\000m\000i\000t\000a\000t\000i\000o\000n\000s\000\040\000o\000f\000\040\000t\000h\000e\000\040\000S\000y\000s\000t\000e\000m}{chapter.6}% 58
\BOOKMARK [1][-]{section.6.3}{\376\377\000A\000p\000p\000l\000i\000c\000a\000t\000i\000o\000n\000s\000\040\000o\000f\000\040\000t\000h\000e\000\040\000S\000y\000s\000t\000e\000m}{chapter.6}% 59
\BOOKMARK [0][-]{chapter.7}{\376\377\000V\000a\000l\000i\000d\000a\000t\000i\000o\000n\000\040\000a\000n\000d\000\040\000T\000e\000s\000t\000i\000n\000g}{}% 60
\BOOKMARK [1][-]{section.7.1}{\376\377\000T\000e\000s\000t\000i\000n\000g\000\040\000M\000e\000t\000h\000o\000d\000o\000l\000o\000g\000y}{chapter.7}% 61
\BOOKMARK [1][-]{section.7.2}{\376\377\000T\000e\000s\000t\000\040\000C\000a\000s\000e\000s}{chapter.7}% 62
\BOOKMARK [1][-]{section.7.3}{\376\377\000V\000a\000l\000i\000d\000a\000t\000i\000o\000n\000\040\000o\000f\000\040\000R\000e\000s\000u\000l\000t\000s}{chapter.7}% 63
\BOOKMARK [0][-]{chapter.8}{\376\377\000C\000o\000n\000c\000l\000u\000s\000i\000o\000n\000\040\000\046\000\040\000F\000u\000t\000u\000r\000e\000\040\000S\000c\000o\000p\000e}{}% 64
\BOOKMARK [1][-]{section.8.1}{\376\377\000C\000o\000n\000c\000l\000u\000s\000i\000o\000n}{chapter.8}% 65
\BOOKMARK [1][-]{section.8.2}{\376\377\000F\000u\000t\000u\000r\000e\000\040\000S\000c\000o\000p\000e}{chapter.8}% 66
\BOOKMARK [0][-]{chapter.9}{\376\377\000R\000e\000f\000e\000r\000e\000n\000c\000e\000s}{}% 67
\BOOKMARK [0][-]{appendix.1.A}{\376\377\000A\000n\000n\000e\000x\000u\000r\000e\000\040\000P\000l\000a\000g\000i\000a\000r\000i\000s\000m\000\040\000R\000e\000p\000o\000r\000t}{}% 68
\BOOKMARK [0][-]{appendix.1.B}{\376\377\000A\000n\000n\000e\000x\000u\000r\000e\000\040\000C\000o\000p\000y\000r\000i\000g\000h\000t}{}% 69
\BOOKMARK [0][-]{appendix.1.C}{\376\377\000A\000n\000n\000e\000x\000u\000r\000e\000\040\000P\000a\000t\000e\000n\000t\000s}{}% 70
\BOOKMARK [0][-]{appendix.1.D}{\376\377\000A\000n\000n\000e\000x\000u\000r\000e\000\040\000R\000e\000s\000e\000a\000r\000c\000h\000\040\000P\000u\000b\000l\000i\000c\000a\000t\000i\000o\000n}{}% 71
\BOOKMARK [0][-]{appendix.1.E}{\376\377\000A\000n\000n\000e\000x\000u\000r\000e\000\040\000C\000o\000n\000f\000e\000r\000e\000n\000c\000e\000\040\000C\000e\000r\000t\000i\000f\000i\000c\000a\000t\000e\000s}{}% 72
\BOOKMARK [0][-]{appendix.1.F}{\376\377\000A\000n\000n\000e\000x\000u\000r\000e\000\040\000P\000r\000o\000j\000e\000c\000t\000\040\000C\000o\000m\000p\000e\000t\000i\000t\000i\000o\000n\000\040\000P\000a\000r\000t\000i\000c\000i\000p\000a\000t\000i\000o\000n}{}% 73
\BOOKMARK [0][-]{appendix.1.G}{\376\377\000A\000n\000n\000e\000x\000u\000r\000e\000\040\000S\000p\000o\000n\000s\000o\000r\000s\000h\000i\000p\000\040\000D\000o\000c\000u\000m\000e\000n\000t\000s}{}% 74
